// Jest Snapshot v1, https://goo.gl/fbAQLP

exports[`expect to run card componen 1`] = `
<div
  className="bg-light-green dib br2 pa2 ma3 grow bw2 shadow-2"
>
  <img
    alt="robots"
    src="https://robohash.org/undefinedundefinedcolor?200x200"
  />
  <div>
    <h2 />
    <p />
    <p />
  </div>
</div>
`;
