// Jest Snapshot v1, https://goo.gl/fbAQLP

exports[`expect to run card componen 1`] = `
<div>
  <Card
    email="joh@gmail.com"
    id={1}
    key="0"
    name="John Snow"
    username="john"
  />
</div>
`;
