// Jest Snapshot v1, https://goo.gl/fbAQLP

exports[`expect to run Scroll componen 1`] = `
<div
  style={
    Object {
      "border": "0px solid black",
      "height": "500px",
      "overflowY": "scroll",
    }
  }
/>
`;
