// Jest Snapshot v1, https://goo.gl/fbAQLP

exports[`expect to run SearchBox componen 1`] = `
<div
  className="pa2"
>
  <input
    className="pa3 ba b--green bg-lightest-blue"
    placeholder="Search Robots"
    type="seach"
  />
</div>
`;
